
> notfat@1.0.0 type-check
> tsc --noEmit --skipLibCheck

